#-----------------------------------------------------------
# Vivado v2016.3 (64-bit)
# SW Build 1682563 on Mon Oct 10 19:07:27 MDT 2016
# IP Build 1681267 on Mon Oct 10 21:28:31 MDT 2016
# Start of session at: Mon Jan 16 22:22:11 2017
# Process ID: 9928
# Current directory: C:/project/vivadoProject/EX_Prj/QM_XC7A35TFTG256
# Command line: vivado.exe -gui_launcher_event rodinguilauncherevent2760 C:\project\vivadoProject\EX_Prj\QM_XC7A35TFTG256\QM_XC7A35TFTG256.xpr
# Log file: C:/project/vivadoProject/EX_Prj/QM_XC7A35TFTG256/vivado.log
# Journal file: C:/project/vivadoProject/EX_Prj/QM_XC7A35TFTG256\vivado.jou
#-----------------------------------------------------------
start_gui
open_project C:/project/vivadoProject/EX_Prj/QM_XC7A35TFTG256/QM_XC7A35TFTG256.xpr
set_property -dict [list CONFIG.CLK_OUT2_PORT {clk_150m}] [get_ips clk_wiz_0]
generate_target all [get_files  C:/project/vivadoProject/EX_Prj/QM_XC7A35TFTG256/IP/clk_wiz_0/clk_wiz_0.xci]
catch { config_ip_cache -export [get_ips -all clk_wiz_0] }
export_ip_user_files -of_objects [get_files C:/project/vivadoProject/EX_Prj/QM_XC7A35TFTG256/IP/clk_wiz_0/clk_wiz_0.xci] -no_script -sync -force -quiet
reset_run clk_wiz_0_synth_1
launch_runs -jobs 2 clk_wiz_0_synth_1
export_simulation -of_objects [get_files C:/project/vivadoProject/EX_Prj/QM_XC7A35TFTG256/IP/clk_wiz_0/clk_wiz_0.xci] -directory C:/project/vivadoProject/EX_Prj/QM_XC7A35TFTG256/QM_XC7A35TFTG256.ip_user_files/sim_scripts -ip_user_files_dir C:/project/vivadoProject/EX_Prj/QM_XC7A35TFTG256/QM_XC7A35TFTG256.ip_user_files -ipstatic_source_dir C:/project/vivadoProject/EX_Prj/QM_XC7A35TFTG256/QM_XC7A35TFTG256.ip_user_files/ipstatic -lib_map_path [list {modelsim=C:/project/vivadoProject/EX_Prj/QM_XC7A35TFTG256/QM_XC7A35TFTG256.cache/compile_simlib/modelsim} {questa=C:/project/vivadoProject/EX_Prj/QM_XC7A35TFTG256/QM_XC7A35TFTG256.cache/compile_simlib/questa} {riviera=C:/project/vivadoProject/EX_Prj/QM_XC7A35TFTG256/QM_XC7A35TFTG256.cache/compile_simlib/riviera} {activehdl=C:/project/vivadoProject/EX_Prj/QM_XC7A35TFTG256/QM_XC7A35TFTG256.cache/compile_simlib/activehdl}] -use_ip_compiled_libs -force -quiet
reset_run synth_1
launch_runs impl_1 -to_step write_bitstream -jobs 2
wait_on_run impl_1
reset_run synth_1
launch_runs impl_1 -to_step write_bitstream -jobs 2
wait_on_run impl_1
open_hw
connect_hw_server
open_hw_target
set_property PROGRAM.FILE {C:/project/vivadoProject/EX_Prj/QM_XC7A35TFTG256/QM_XC7A35TFTG256.runs/impl_1/TOP.bit} [lindex [get_hw_devices xc7a35t_0] 0]
set_property PROBES.FILE {C:/project/vivadoProject/EX_Prj/QM_XC7A35TFTG256/QM_XC7A35TFTG256.runs/impl_1/debug_nets.ltx} [lindex [get_hw_devices xc7a35t_0] 0]
current_hw_device [lindex [get_hw_devices xc7a35t_0] 0]
refresh_hw_device -update_hw_probes false [lindex [get_hw_devices xc7a35t_0] 0]
create_hw_cfgmem -hw_device [lindex [get_hw_devices] 0] -mem_dev [lindex [get_cfgmem_parts {n25q64-3.3v-spi-x1_x2_x4}] 0]
delete_hw_cfgmem [ get_property PROGRAM.HW_CFGMEM [lindex [get_hw_devices] 0 ]]
create_hw_cfgmem -hw_device [lindex [get_hw_devices] 0] -mem_dev  [lindex [get_cfgmem_parts {n25q64-3.3v-spi-x1_x2_x4}] 0]
set_property PROGRAM.BLANK_CHECK  0 [ get_property PROGRAM.HW_CFGMEM [lindex [get_hw_devices] 0 ]]
set_property PROGRAM.ERASE  1 [ get_property PROGRAM.HW_CFGMEM [lindex [get_hw_devices] 0 ]]
set_property PROGRAM.CFG_PROGRAM  1 [ get_property PROGRAM.HW_CFGMEM [lindex [get_hw_devices] 0 ]]
set_property PROGRAM.VERIFY  1 [ get_property PROGRAM.HW_CFGMEM [lindex [get_hw_devices] 0 ]]
set_property PROGRAM.CHECKSUM  0 [ get_property PROGRAM.HW_CFGMEM [lindex [get_hw_devices] 0 ]]
refresh_hw_device [lindex [get_hw_devices xc7a35t_0] 0]
set_property PROGRAM.ADDRESS_RANGE  {use_file} [ get_property PROGRAM.HW_CFGMEM [lindex [get_hw_devices] 0 ]]
set_property PROGRAM.FILES [list "C:/project/vivadoProject/EX_Prj/QM_XC7A35TFTG256/QM_XC7A35TFTG256.runs/impl_1/TOP.bin" ] [ get_property PROGRAM.HW_CFGMEM [lindex [get_hw_devices] 0]]
set_property PROGRAM.UNUSED_PIN_TERMINATION {pull-none} [ get_property PROGRAM.HW_CFGMEM [lindex [get_hw_devices] 0 ]]
set_property PROGRAM.BLANK_CHECK  0 [ get_property PROGRAM.HW_CFGMEM [lindex [get_hw_devices] 0 ]]
set_property PROGRAM.ERASE  1 [ get_property PROGRAM.HW_CFGMEM [lindex [get_hw_devices] 0 ]]
set_property PROGRAM.CFG_PROGRAM  1 [ get_property PROGRAM.HW_CFGMEM [lindex [get_hw_devices] 0 ]]
set_property PROGRAM.VERIFY  1 [ get_property PROGRAM.HW_CFGMEM [lindex [get_hw_devices] 0 ]]
set_property PROGRAM.CHECKSUM  0 [ get_property PROGRAM.HW_CFGMEM [lindex [get_hw_devices] 0 ]]
startgroup 
if {![string equal [get_property PROGRAM.HW_CFGMEM_TYPE  [lindex [get_hw_devices] 0]] [get_property MEM_TYPE [get_property CFGMEM_PART [get_property PROGRAM.HW_CFGMEM [lindex [get_hw_devices] 0 ]]]]] }  { create_hw_bitstream -hw_device [lindex [get_hw_devices] 0] [get_property PROGRAM.HW_CFGMEM_BITFILE [ lindex [get_hw_devices] 0]]; program_hw_devices [lindex [get_hw_devices] 0]; }; 
program_hw_cfgmem -hw_cfgmem [get_property PROGRAM.HW_CFGMEM [lindex [get_hw_devices] 0 ]]
endgroup
close_hw
open_hw
connect_hw_server
open_hw_target
disconnect_hw_server localhost:3121
connect_hw_server
open_hw_target
disconnect_hw_server localhost:3121
connect_hw_server
open_hw_target
disconnect_hw_server localhost:3121
connect_hw_server
open_hw_target
disconnect_hw_server localhost:3121
connect_hw_server
open_hw_target
disconnect_hw_server localhost:3121
connect_hw_server
open_hw_target
close_hw
open_hw
connect_hw_server
open_hw_target
set_property PROGRAM.FILE {C:/project/vivadoProject/EX_Prj/QM_XC7A35TFTG256/QM_XC7A35TFTG256.runs/impl_1/TOP.bit} [lindex [get_hw_devices xc7a35t_0] 0]
set_property PROBES.FILE {C:/project/vivadoProject/EX_Prj/QM_XC7A35TFTG256/QM_XC7A35TFTG256.runs/impl_1/debug_nets.ltx} [lindex [get_hw_devices xc7a35t_0] 0]
current_hw_device [lindex [get_hw_devices xc7a35t_0] 0]
refresh_hw_device -update_hw_probes false [lindex [get_hw_devices xc7a35t_0] 0]
create_hw_cfgmem -hw_device [lindex [get_hw_devices] 0] -mem_dev [lindex [get_cfgmem_parts {n25q64-3.3v-spi-x1_x2_x4}] 0]
set_property PROBES.FILE {C:/project/vivadoProject/EX_Prj/QM_XC7A35TFTG256/QM_XC7A35TFTG256.runs/impl_1/debug_nets.ltx} [lindex [get_hw_devices xc7a35t_0] 0]
set_property PROGRAM.FILE {C:/project/vivadoProject/EX_Prj/QM_XC7A35TFTG256/QM_XC7A35TFTG256.runs/impl_1/TOP.bit} [lindex [get_hw_devices xc7a35t_0] 0]
program_hw_devices [lindex [get_hw_devices xc7a35t_0] 0]
refresh_hw_device [lindex [get_hw_devices xc7a35t_0] 0]
launch_simulation
source TOP_tb.tcl
run 100000 ns
reset_run impl_1 -prev_step 
launch_runs impl_1 -to_step write_bitstream -jobs 2
wait_on_run impl_1
delete_hw_cfgmem [ get_property PROGRAM.HW_CFGMEM [lindex [get_hw_devices] 0 ]]
create_hw_cfgmem -hw_device [lindex [get_hw_devices] 0] -mem_dev  [lindex [get_cfgmem_parts {n25q64-3.3v-spi-x1_x2_x4}] 0]
set_property PROGRAM.BLANK_CHECK  0 [ get_property PROGRAM.HW_CFGMEM [lindex [get_hw_devices] 0 ]]
set_property PROGRAM.ERASE  1 [ get_property PROGRAM.HW_CFGMEM [lindex [get_hw_devices] 0 ]]
set_property PROGRAM.CFG_PROGRAM  1 [ get_property PROGRAM.HW_CFGMEM [lindex [get_hw_devices] 0 ]]
set_property PROGRAM.VERIFY  1 [ get_property PROGRAM.HW_CFGMEM [lindex [get_hw_devices] 0 ]]
set_property PROGRAM.CHECKSUM  0 [ get_property PROGRAM.HW_CFGMEM [lindex [get_hw_devices] 0 ]]
refresh_hw_device [lindex [get_hw_devices xc7a35t_0] 0]
set_property PROGRAM.ADDRESS_RANGE  {use_file} [ get_property PROGRAM.HW_CFGMEM [lindex [get_hw_devices] 0 ]]
set_property PROGRAM.FILES [list "C:/project/vivadoProject/EX_Prj/QM_XC7A35TFTG256/QM_XC7A35TFTG256.runs/impl_1/TOP.bin" ] [ get_property PROGRAM.HW_CFGMEM [lindex [get_hw_devices] 0]]
set_property PROGRAM.UNUSED_PIN_TERMINATION {pull-none} [ get_property PROGRAM.HW_CFGMEM [lindex [get_hw_devices] 0 ]]
set_property PROGRAM.BLANK_CHECK  0 [ get_property PROGRAM.HW_CFGMEM [lindex [get_hw_devices] 0 ]]
set_property PROGRAM.ERASE  1 [ get_property PROGRAM.HW_CFGMEM [lindex [get_hw_devices] 0 ]]
set_property PROGRAM.CFG_PROGRAM  1 [ get_property PROGRAM.HW_CFGMEM [lindex [get_hw_devices] 0 ]]
set_property PROGRAM.VERIFY  1 [ get_property PROGRAM.HW_CFGMEM [lindex [get_hw_devices] 0 ]]
set_property PROGRAM.CHECKSUM  0 [ get_property PROGRAM.HW_CFGMEM [lindex [get_hw_devices] 0 ]]
startgroup 
if {![string equal [get_property PROGRAM.HW_CFGMEM_TYPE  [lindex [get_hw_devices] 0]] [get_property MEM_TYPE [get_property CFGMEM_PART [get_property PROGRAM.HW_CFGMEM [lindex [get_hw_devices] 0 ]]]]] }  { create_hw_bitstream -hw_device [lindex [get_hw_devices] 0] [get_property PROGRAM.HW_CFGMEM_BITFILE [ lindex [get_hw_devices] 0]]; program_hw_devices [lindex [get_hw_devices] 0]; }; 
program_hw_cfgmem -hw_cfgmem [get_property PROGRAM.HW_CFGMEM [lindex [get_hw_devices] 0 ]]
endgroup
close_hw
close_sim
